vite v6.4.1 building for production...
transforming...
✓ 3447 modules transformed.
✗ Build failed in 3.48s
error during build:
pages/AgencyHome.tsx (3:4): "Hero" is not exported by "components.json", imported by "pages/AgencyHome.tsx". (Note that you need @rollup/plugin-json to import JSON files)
file: /Users/masuddarrahaman/Desktop/files/kaizenstat-agency copy/pages/AgencyHome.tsx:3:4

1: import React from 'react';
2: import {
3:     Hero,
       ^
4:     ClientMarquee,
5:     Services,

    at getRollupError (file:///Users/masuddarrahaman/Desktop/files/kaizenstat-agency%20copy/node_modules/rollup/dist/es/shared/parseAst.js:401:41)
    at error (file:///Users/masuddarrahaman/Desktop/files/kaizenstat-agency%20copy/node_modules/rollup/dist/es/shared/parseAst.js:397:42)
    at Module.error (file:///Users/masuddarrahaman/Desktop/files/kaizenstat-agency%20copy/node_modules/rollup/dist/es/shared/node-entry.js:17022:16)
    at Module.traceVariable (file:///Users/masuddarrahaman/Desktop/files/kaizenstat-agency%20copy/node_modules/rollup/dist/es/shared/node-entry.js:17478:29)
    at ModuleScope.findVariable (file:///Users/masuddarrahaman/Desktop/files/kaizenstat-agency%20copy/node_modules/rollup/dist/es/shared/node-entry.js:15141:39)
    at ReturnValueScope.findVariable (file:///Users/masuddarrahaman/Desktop/files/kaizenstat-agency%20copy/node_modules/rollup/dist/es/shared/node-entry.js:5688:38)
    at FunctionBodyScope.findVariable (file:///Users/masuddarrahaman/Desktop/files/kaizenstat-agency%20copy/node_modules/rollup/dist/es/shared/node-entry.js:5688:38)
    at Identifier.bind (file:///Users/masuddarrahaman/Desktop/files/kaizenstat-agency%20copy/node_modules/rollup/dist/es/shared/node-entry.js:5462:40)
    at CallExpression.bind (file:///Users/masuddarrahaman/Desktop/files/kaizenstat-agency%20copy/node_modules/rollup/dist/es/shared/node-entry.js:2825:28)
    at CallExpression.bind (file:///Users/masuddarrahaman/Desktop/files/kaizenstat-agency%20copy/node_modules/rollup/dist/es/shared/node-entry.js:12172:15)
